../Core/Src/stm32l4xx_it.c:74:6:NMI_Handler	4	static
../Core/Src/stm32l4xx_it.c:89:6:HardFault_Handler	4	static
../Core/Src/stm32l4xx_it.c:104:6:MemManage_Handler	4	static
../Core/Src/stm32l4xx_it.c:119:6:BusFault_Handler	4	static
../Core/Src/stm32l4xx_it.c:134:6:UsageFault_Handler	4	static
../Core/Src/stm32l4xx_it.c:149:6:SVC_Handler	4	static
../Core/Src/stm32l4xx_it.c:162:6:DebugMon_Handler	4	static
../Core/Src/stm32l4xx_it.c:175:6:PendSV_Handler	4	static
../Core/Src/stm32l4xx_it.c:188:6:SysTick_Handler	8	static
../Core/Src/stm32l4xx_it.c:209:6:TIM1_BRK_TIM15_IRQHandler	8	static
../Core/Src/stm32l4xx_it.c:242:6:TIM1_UP_TIM16_IRQHandler	8	static
../Core/Src/stm32l4xx_it.c:256:6:TIM1_TRG_COM_TIM17_IRQHandler	8	static
../Core/Src/stm32l4xx_it.c:270:6:TIM1_CC_IRQHandler	8	static
../Core/Src/stm32l4xx_it.c:302:6:USART1_IRQHandler	168	static
../Core/Src/stm32l4xx_it.c:365:6:USART3_IRQHandler	16	static
../Core/Src/stm32l4xx_it.c:404:6:TIM8_BRK_IRQHandler	8	static
../Core/Src/stm32l4xx_it.c:418:6:TIM8_UP_IRQHandler	8	static
../Core/Src/stm32l4xx_it.c:432:6:TIM8_TRG_COM_IRQHandler	8	static
../Core/Src/stm32l4xx_it.c:446:6:TIM8_CC_IRQHandler	8	static
../Core/Src/stm32l4xx_it.c:479:6:TIM5_IRQHandler	8	static
